{
  "version": "1.4.0",
  "custom_plugins_dir": null,
  "custom_plugins": [],
  "filters": {
    "allowlist": {
      "files": null,
      "lines": null
    },
    "denylist": {
      "files": null,
      "lines": null
    },
    "exclude": {
      "files": [
        "^.git",
        "^.pre-commit-config.yaml"
      ],
      "lines": null
    }
  },
  "results": {},
  "generated_at": "2026-05-27T00:00:00Z"
}
